import UIKit
class MainViewController: UIViewController {

var header: UILabel!
var desc: UILabel!
var design: UILabel!
var logo: UIImageView!
var save: UILabel!
var userTextField: UITextField!
var emailTextField: UITextField!
var passTextField: UITextField!
var getstartedButton: UIButton!

override func viewDidLoad() {
view.backgroundColor = UIColor(red: 255/255.0, green: 255/255.0, blue: 255/255.0, alpha: 1.0)

header = UILabel()
header.translatesAutoresizingMaskIntoConstraints = false
header.text = "Introducing"
header.textColor = UIColor(red: 87/255.0, green: 79/255.0, blue: 183/255.0, alpha: 1.0)
header.textAlignment = .left
header.numberOfLines = 0
header.lineBreakMode = .byWordWrapping
header.font = UIFont(name: "SanFranciscoText-Bold", size: 40)
view.addSubview(header)

header.widthAnchor.constraint(equalToConstant: view.frame.width*0.617021276596).isActive = true
header.heightAnchor.constraint(equalToConstant: view.frame.height*0.071964017991).isActive = true
header.centerXAnchor.constraint(equalTo: view.leftAnchor, constant: view.frame.width*0.393617021277).isActive = true
header.centerYAnchor.constraint(equalTo: view.topAnchor, constant: view.frame.height*0.107946026987).isActive = true
header.leftAnchor.constraint(equalTo: view.leftAnchor, constant: view.frame.width*0.0851063829787).isActive = true
header.topAnchor.constraint(equalTo: view.topAnchor, constant: view.frame.height*0.071964017991).isActive = true

desc = UILabel()
desc.translatesAutoresizingMaskIntoConstraints = false
desc.text = "PixelCode â€” a tool that exports your designs into Swift code instantaneously. No more hours wasted on pixel coding. Focus on the more important things."
desc.textColor = UIColor(red: 34/255.0, green: 34/255.0, blue: 34/255.0, alpha: 1.0)
desc.textAlignment = .left
desc.numberOfLines = 0
desc.lineBreakMode = .byWordWrapping
desc.font = UIFont(name: "SanFranciscoText-Regular", size: 20)
view.addSubview(desc)

desc.widthAnchor.constraint(equalToConstant: view.frame.width*0.829787234043).isActive = true
desc.heightAnchor.constraint(equalToConstant: view.frame.height*0.194902548726).isActive = true
desc.centerXAnchor.constraint(equalTo: view.leftAnchor, constant: view.frame.width*0.5).isActive = true
desc.centerYAnchor.constraint(equalTo: view.topAnchor, constant: view.frame.height*0.269865067466).isActive = true
desc.leftAnchor.constraint(equalTo: view.leftAnchor, constant: view.frame.width*0.0851063829787).isActive = true
desc.topAnchor.constraint(equalTo: view.topAnchor, constant: view.frame.height*0.172413793103).isActive = true

design = UILabel()
design.translatesAutoresizingMaskIntoConstraints = false
design.text = "Design to Code"
design.textColor = UIColor(red: 34/255.0, green: 34/255.0, blue: 34/255.0, alpha: 1.0)
design.textAlignment = .left
design.numberOfLines = 0
design.lineBreakMode = .byWordWrapping
design.font = UIFont(name: "SanFranciscoText-Medium", size: 16)
view.addSubview(design)

design.widthAnchor.constraint(equalToConstant: view.frame.width*0.335592252822).isActive = true
design.heightAnchor.constraint(equalToConstant: view.frame.height*0.0284857571214).isActive = true
design.centerXAnchor.constraint(equalTo: view.leftAnchor, constant: view.frame.width*0.465668466836).isActive = true
design.centerYAnchor.constraint(equalTo: view.topAnchor, constant: view.frame.height*0.429535232384).isActive = true
design.leftAnchor.constraint(equalTo: view.leftAnchor, constant: view.frame.width*0.297872340426).isActive = true
design.topAnchor.constraint(equalTo: view.topAnchor, constant: view.frame.height*0.415292353823).isActive = true

logo = UIImageView()
logo.translatesAutoresizingMaskIntoConstraints = false
logo.image = UIImage(named: "logo")
view.addSubview(logo)

logo.widthAnchor.constraint(equalToConstant: view.frame.width*0.148936170213).isActive = true
logo.heightAnchor.constraint(equalToConstant: view.frame.height*0.0839580209895).isActive = true
logo.centerXAnchor.constraint(equalTo: view.leftAnchor, constant: view.frame.width*0.159574468085).isActive = true
logo.centerYAnchor.constraint(equalTo: view.topAnchor, constant: view.frame.height*0.461769115442).isActive = true
logo.leftAnchor.constraint(equalTo: view.leftAnchor, constant: view.frame.width*0.0851063829787).isActive = true
logo.topAnchor.constraint(equalTo: view.topAnchor, constant: view.frame.height*0.419790104948).isActive = true

save = UILabel()
save.translatesAutoresizingMaskIntoConstraints = false
save.text = "Save time and create pixel-perfect applications."
save.textColor = UIColor(red: 34/255.0, green: 34/255.0, blue: 34/255.0, alpha: 1.0)
save.textAlignment = .left
save.numberOfLines = 0
save.lineBreakMode = .byWordWrapping
save.font = UIFont(name: "SanFranciscoText-Regular", size: 16)
view.addSubview(save)

save.widthAnchor.constraint(equalToConstant: view.frame.width*0.617021276596).isActive = true
save.heightAnchor.constraint(equalToConstant: view.frame.height*0.0599700149925).isActive = true
save.centerXAnchor.constraint(equalTo: view.leftAnchor, constant: view.frame.width*0.606382978723).isActive = true
save.centerYAnchor.constraint(equalTo: view.topAnchor, constant: view.frame.height*0.478260869565).isActive = true
save.leftAnchor.constraint(equalTo: view.leftAnchor, constant: view.frame.width*0.297872340426).isActive = true
save.topAnchor.constraint(equalTo: view.topAnchor, constant: view.frame.height*0.448275862069).isActive = true

userTextField = UITextField()
userTextField.translatesAutoresizingMaskIntoConstraints = false
userTextField.layer.borderColor = UIColor(red: 153/255.0, green: 153/255.0, blue: 153/255.0, alpha: 1.0).cgColor
userTextField.layer.borderWidth = 1
userTextField.layer.cornerRadius = 4
userTextField.attributedPlaceholder = NSAttributedString(string: "Username", attributes: [NSAttributedStringKey.foregroundColor: UIColor(red: 153/255.0, green: 153/255.0, blue: 153/255.0, alpha: 1.0)])
userTextField.font = UIFont(name: "SanFranciscoText-Regular", size: 18)
userTextField.layer.sublayerTransform = CATransform3DMakeTranslation(11.5, 0, 0)
userTextField.clipsToBounds = true
view.addSubview(userTextField)

userTextField.widthAnchor.constraint(equalToConstant: view.frame.width*0.829787234043).isActive = true
userTextField.heightAnchor.constraint(equalToConstant: view.frame.height*0.0749625187406).isActive = true
userTextField.centerXAnchor.constraint(equalTo: view.leftAnchor, constant: view.frame.width*0.5).isActive = true
userTextField.centerYAnchor.constraint(equalTo: view.topAnchor, constant: view.frame.height*0.593703148426).isActive = true
userTextField.leftAnchor.constraint(equalTo: view.leftAnchor, constant: view.frame.width*0.0851063829787).isActive = true
userTextField.topAnchor.constraint(equalTo: view.topAnchor, constant: view.frame.height*0.556221889055).isActive = true

emailTextField = UITextField()
emailTextField.translatesAutoresizingMaskIntoConstraints = false
emailTextField.layer.borderColor = UIColor(red: 153/255.0, green: 153/255.0, blue: 153/255.0, alpha: 1.0).cgColor
emailTextField.layer.borderWidth = 1
emailTextField.layer.cornerRadius = 4
emailTextField.attributedPlaceholder = NSAttributedString(string: "Email Address", attributes: [NSAttributedStringKey.foregroundColor: UIColor(red: 153/255.0, green: 153/255.0, blue: 153/255.0, alpha: 1.0)])
emailTextField.font = UIFont(name: "SanFranciscoText-Regular", size: 18)
emailTextField.layer.sublayerTransform = CATransform3DMakeTranslation(11.5, 0, 0)
emailTextField.clipsToBounds = true
view.addSubview(emailTextField)

emailTextField.widthAnchor.constraint(equalToConstant: view.frame.width*0.829787234043).isActive = true
emailTextField.heightAnchor.constraint(equalToConstant: view.frame.height*0.0749625187406).isActive = true
emailTextField.centerXAnchor.constraint(equalTo: view.leftAnchor, constant: view.frame.width*0.5).isActive = true
emailTextField.centerYAnchor.constraint(equalTo: view.topAnchor, constant: view.frame.height*0.692653673163).isActive = true
emailTextField.leftAnchor.constraint(equalTo: view.leftAnchor, constant: view.frame.width*0.0851063829787).isActive = true
emailTextField.topAnchor.constraint(equalTo: view.topAnchor, constant: view.frame.height*0.655172413793).isActive = true

passTextField = UITextField()
passTextField.translatesAutoresizingMaskIntoConstraints = false
passTextField.layer.borderColor = UIColor(red: 153/255.0, green: 153/255.0, blue: 153/255.0, alpha: 1.0).cgColor
passTextField.layer.borderWidth = 1
passTextField.layer.cornerRadius = 4
passTextField.attributedPlaceholder = NSAttributedString(string: "Password", attributes: [NSAttributedStringKey.foregroundColor: UIColor(red: 153/255.0, green: 153/255.0, blue: 153/255.0, alpha: 1.0)])
passTextField.font = UIFont(name: "SanFranciscoText-Regular", size: 18)
passTextField.layer.sublayerTransform = CATransform3DMakeTranslation(11.5, 0, 0)
passTextField.clipsToBounds = true
view.addSubview(passTextField)

passTextField.widthAnchor.constraint(equalToConstant: view.frame.width*0.829787234043).isActive = true
passTextField.heightAnchor.constraint(equalToConstant: view.frame.height*0.0749625187406).isActive = true
passTextField.centerXAnchor.constraint(equalTo: view.leftAnchor, constant: view.frame.width*0.5).isActive = true
passTextField.centerYAnchor.constraint(equalTo: view.topAnchor, constant: view.frame.height*0.791604197901).isActive = true
passTextField.leftAnchor.constraint(equalTo: view.leftAnchor, constant: view.frame.width*0.0851063829787).isActive = true
passTextField.topAnchor.constraint(equalTo: view.topAnchor, constant: view.frame.height*0.754122938531).isActive = true

getstartedButton = UIButton()
getstartedButton.translatesAutoresizingMaskIntoConstraints = false
getstartedButton.backgroundColor = UIColor(red: 34/255.0 , green: 34/255.0 , blue: 34/255.0 , alpha: 1.0)
getstartedButton.layer.cornerRadius = 8
getstartedButton.setTitle("Sign Up", for: .normal)
getstartedButton.setTitleColor(UIColor(red: 255/255.0, green: 255/255.0, blue: 255/255.0, alpha: 1.0), for: .normal)
getstartedButton.titleLabel?.font = UIFont(name: "SanFranciscoText-Medium", size: 18)
view.addSubview(getstartedButton)

getstartedButton.widthAnchor.constraint(equalToConstant: view.frame.width*0.829787234043).isActive = true
getstartedButton.heightAnchor.constraint(equalToConstant: view.frame.height*0.0749625187406).isActive = true
getstartedButton.centerXAnchor.constraint(equalTo: view.leftAnchor, constant: view.frame.width*0.5).isActive = true
getstartedButton.centerYAnchor.constraint(equalTo: view.topAnchor, constant: view.frame.height*0.914542728636).isActive = true
getstartedButton.leftAnchor.constraint(equalTo: view.leftAnchor, constant: view.frame.width*0.0851063829787).isActive = true
getstartedButton.topAnchor.constraint(equalTo: view.topAnchor, constant: view.frame.height*0.877061469265).isActive = true


}
}